// Jest Snapshot v1, https://goo.gl/fbAQLP

exports[`NewsItem should render correctly 1`] = `
<div>
  <h3>
    <b>
      title: 
    </b>
    titleLol
  </h3>
  <h5>
    <i>
      Text: 
    </i>
    textLol
  </h5>
</div>
`;
